// Jest Snapshot v1, https://goo.gl/fbAQLP

exports[`components#<Button /> Should be render 1`] = `
<button
  className="sc-bdVaJa bfwJUA"
/>
`;
